C1 roulette validation PASSED
test_review_skill_contains_all_three_methods (test_adversarial_review_contract.AdversarialReviewContractTests.test_review_skill_contains_all_three_methods) ... ok
test_review_stack_cannot_omit_integration (test_adversarial_review_contract.AdversarialReviewContractTests.test_review_stack_cannot_omit_integration) ... ok
test_shared_contract_blocks_false_completion (test_adversarial_review_contract.AdversarialReviewContractTests.test_shared_contract_blocks_false_completion) ... ok
test_current_tree_passes (test_c1_roulette_contract.C1RouletteValidationTests.test_current_tree_passes) ... ok
test_direct_nine_card_placeholder_is_rejected (test_c1_roulette_contract.C1RouletteValidationTests.test_direct_nine_card_placeholder_is_rejected) ... ERROR
test_missing_judgment_line_regression_is_rejected (test_c1_roulette_contract.C1RouletteValidationTests.test_missing_judgment_line_regression_is_rejected) ... ERROR
test_pending_remote_validation_state_is_rejected (test_c1_roulette_contract.C1RouletteValidationTests.test_pending_remote_validation_state_is_rejected) ... ERROR
test_retired_work_order_reference_is_rejected (test_c1_roulette_contract.C1RouletteValidationTests.test_retired_work_order_reference_is_rejected) ... ERROR
test_conflict_blocks_when_local_and_remote_changed_after_last_sync (test_issue_mirror.IssueMirrorTests.test_conflict_blocks_when_local_and_remote_changed_after_last_sync) ... ok
test_local_sync_command_refuses_dirty_worktrees_and_non_fast_forward_merges (test_issue_mirror.IssueMirrorTests.test_local_sync_command_refuses_dirty_worktrees_and_non_fast_forward_merges) ... ok
test_outbound_workflow_reads_remote_issue_before_updating_it (test_issue_mirror.IssueMirrorTests.test_outbound_workflow_reads_remote_issue_before_updating_it) ... ok
test_render_issue_accepts_the_connector_issue_number_field (test_issue_mirror.IssueMirrorTests.test_render_issue_accepts_the_connector_issue_number_field) ... ok
test_render_issue_marks_metadata_and_body (test_issue_mirror.IssueMirrorTests.test_render_issue_marks_metadata_and_body) ... ok
test_snapshot_validation_requires_every_remote_issue_once (test_issue_mirror.IssueMirrorTests.test_snapshot_validation_requires_every_remote_issue_once) ... ok
test_write_all_snapshots_uses_stable_issue_number_filenames (test_issue_mirror.IssueMirrorTests.test_write_all_snapshots_uses_stable_issue_number_filenames) ... ok
test_current_repository_passes (test_project_core_docs.ProjectCoreDocumentationTests.test_current_repository_passes) ... FAIL
test_missing_core_reference_is_rejected (test_project_core_docs.ProjectCoreDocumentationTests.test_missing_core_reference_is_rejected) ... ok
test_pending_core_lock_state_is_rejected (test_project_core_docs.ProjectCoreDocumentationTests.test_pending_core_lock_state_is_rejected) ... ok
test_roadmap_phase_history_loss_is_rejected (test_project_core_docs.ProjectCoreDocumentationTests.test_roadmap_phase_history_loss_is_rejected) ... ok
test_stale_completion_claim_is_rejected (test_project_core_docs.ProjectCoreDocumentationTests.test_stale_completion_claim_is_rejected) ... ok
test_unique_decision_alternative_loss_is_rejected (test_project_core_docs.ProjectCoreDocumentationTests.test_unique_decision_alternative_loss_is_rejected) ... ok
test_expected_category_counts (test_skill_package_integrity.SkillPackageIntegrityTests.test_expected_category_counts) ... ok
test_registry_ids_and_paths_are_unique (test_skill_package_integrity.SkillPackageIntegrityTests.test_registry_ids_and_paths_are_unique) ... ok
test_validator_passes (test_skill_package_integrity.SkillPackageIntegrityTests.test_validator_passes) ... ok
test_validator_rejects_duplicate_id_mutation (test_skill_package_integrity.SkillPackageIntegrityTests.test_validator_rejects_duplicate_id_mutation) ... ok
test_dependencies_precede_dependents (test_skill_routing_contract.SkillRoutingTests.test_dependencies_precede_dependents) ... ok
test_engineering_build (test_skill_routing_contract.SkillRoutingTests.test_engineering_build) ... ok
test_game_design_plan (test_skill_routing_contract.SkillRoutingTests.test_game_design_plan) ... ok
test_generic_request_does_not_enable_specialists (test_skill_routing_contract.SkillRoutingTests.test_generic_request_does_not_enable_specialists) ... ok
test_review_forces_adversarial_stack (test_skill_routing_contract.SkillRoutingTests.test_review_forces_adversarial_stack) ... ok
test_ui_art_audit_selects_specialist (test_skill_routing_contract.SkillRoutingTests.test_ui_art_audit_selects_specialist) ... ok
test_unknown_manual_override_is_rejected (test_skill_routing_contract.SkillRoutingTests.test_unknown_manual_override_is_rejected) ... ok

======================================================================
ERROR: test_direct_nine_card_placeholder_is_rejected (test_c1_roulette_contract.C1RouletteValidationTests.test_direct_nine_card_placeholder_is_rejected)
----------------------------------------------------------------------
Traceback (most recent call last):
  File "/home/runner/work/omenward/omenward/tests/python/test_c1_roulette_contract.py", line 44, in test_direct_nine_card_placeholder_is_rejected
    self.assertTrue(any("nine-card placeholder" in error for error in validate(root)))
                                                                      ~~~~~~~~^^^^^^
  File "/home/runner/work/omenward/omenward/tools/validate_c1_roulette.py", line 132, in validate
    text = (root / relative).read_text(encoding="utf-8")
  File "/opt/hostedtoolcache/Python/3.13.14/x64/lib/python3.13/pathlib/_local.py", line 546, in read_text
    return PathBase.read_text(self, encoding, errors, newline)
           ~~~~~~~~~~~~~~~~~~^^^^^^^^^^^^^^^^^^^^^^^^^^^^^^^^^
  File "/opt/hostedtoolcache/Python/3.13.14/x64/lib/python3.13/pathlib/_abc.py", line 632, in read_text
    with self.open(mode='r', encoding=encoding, errors=errors, newline=newline) as f:
         ~~~~~~~~~^^^^^^^^^^^^^^^^^^^^^^^^^^^^^^^^^^^^^^^^^^^^^^^^^^^^^^^^^^^^^
  File "/opt/hostedtoolcache/Python/3.13.14/x64/lib/python3.13/pathlib/_local.py", line 537, in open
    return io.open(self, mode, buffering, encoding, errors, newline)
           ~~~~~~~^^^^^^^^^^^^^^^^^^^^^^^^^^^^^^^^^^^^^^^^^^^^^^^^^^
FileNotFoundError: [Errno 2] No such file or directory: '/tmp/tmpjnmk9wxi/docs/CURRENT_IMPLEMENTATION_STATUS.md'

======================================================================
ERROR: test_missing_judgment_line_regression_is_rejected (test_c1_roulette_contract.C1RouletteValidationTests.test_missing_judgment_line_regression_is_rejected)
----------------------------------------------------------------------
Traceback (most recent call last):
  File "/home/runner/work/omenward/omenward/tests/python/test_c1_roulette_contract.py", line 74, in test_missing_judgment_line_regression_is_rejected
    self.assertTrue(any("middle judgment line fails" in error for error in validate(root)))
                                                                           ~~~~~~~~^^^^^^
  File "/home/runner/work/omenward/omenward/tools/validate_c1_roulette.py", line 132, in validate
    text = (root / relative).read_text(encoding="utf-8")
  File "/opt/hostedtoolcache/Python/3.13.14/x64/lib/python3.13/pathlib/_local.py", line 546, in read_text
    return PathBase.read_text(self, encoding, errors, newline)
           ~~~~~~~~~~~~~~~~~~^^^^^^^^^^^^^^^^^^^^^^^^^^^^^^^^^
  File "/opt/hostedtoolcache/Python/3.13.14/x64/lib/python3.13/pathlib/_abc.py", line 632, in read_text
    with self.open(mode='r', encoding=encoding, errors=errors, newline=newline) as f:
         ~~~~~~~~~^^^^^^^^^^^^^^^^^^^^^^^^^^^^^^^^^^^^^^^^^^^^^^^^^^^^^^^^^^^^^
  File "/opt/hostedtoolcache/Python/3.13.14/x64/lib/python3.13/pathlib/_local.py", line 537, in open
    return io.open(self, mode, buffering, encoding, errors, newline)
           ~~~~~~~^^^^^^^^^^^^^^^^^^^^^^^^^^^^^^^^^^^^^^^^^^^^^^^^^^
FileNotFoundError: [Errno 2] No such file or directory: '/tmp/tmpjky04cfl/docs/CURRENT_IMPLEMENTATION_STATUS.md'

======================================================================
ERROR: test_pending_remote_validation_state_is_rejected (test_c1_roulette_contract.C1RouletteValidationTests.test_pending_remote_validation_state_is_rejected)
----------------------------------------------------------------------
Traceback (most recent call last):
  File "/home/runner/work/omenward/omenward/tests/python/test_c1_roulette_contract.py", line 66, in test_pending_remote_validation_state_is_rejected
    self.assertTrue(any("pre-validation C1 state" in error or "missing proven C1 evidence" in error for error in validate(root)))
                                                                                                                 ~~~~~~~~^^^^^^
  File "/home/runner/work/omenward/omenward/tools/validate_c1_roulette.py", line 132, in validate
    text = (root / relative).read_text(encoding="utf-8")
  File "/opt/hostedtoolcache/Python/3.13.14/x64/lib/python3.13/pathlib/_local.py", line 546, in read_text
    return PathBase.read_text(self, encoding, errors, newline)
           ~~~~~~~~~~~~~~~~~~^^^^^^^^^^^^^^^^^^^^^^^^^^^^^^^^^
  File "/opt/hostedtoolcache/Python/3.13.14/x64/lib/python3.13/pathlib/_abc.py", line 632, in read_text
    with self.open(mode='r', encoding=encoding, errors=errors, newline=newline) as f:
         ~~~~~~~~~^^^^^^^^^^^^^^^^^^^^^^^^^^^^^^^^^^^^^^^^^^^^^^^^^^^^^^^^^^^^^
  File "/opt/hostedtoolcache/Python/3.13.14/x64/lib/python3.13/pathlib/_local.py", line 537, in open
    return io.open(self, mode, buffering, encoding, errors, newline)
           ~~~~~~~^^^^^^^^^^^^^^^^^^^^^^^^^^^^^^^^^^^^^^^^^^^^^^^^^^
FileNotFoundError: [Errno 2] No such file or directory: '/tmp/tmp4f2npv35/docs/CURRENT_IMPLEMENTATION_STATUS.md'

======================================================================
ERROR: test_retired_work_order_reference_is_rejected (test_c1_roulette_contract.C1RouletteValidationTests.test_retired_work_order_reference_is_rejected)
----------------------------------------------------------------------
Traceback (most recent call last):
  File "/home/runner/work/omenward/omenward/tests/python/test_c1_roulette_contract.py", line 52, in test_retired_work_order_reference_is_rejected
    self.assertTrue(any("retired execution input" in error for error in validate(root)))
                                                                        ~~~~~~~~^^^^^^
  File "/home/runner/work/omenward/omenward/tools/validate_c1_roulette.py", line 132, in validate
    text = (root / relative).read_text(encoding="utf-8")
  File "/opt/hostedtoolcache/Python/3.13.14/x64/lib/python3.13/pathlib/_local.py", line 546, in read_text
    return PathBase.read_text(self, encoding, errors, newline)
           ~~~~~~~~~~~~~~~~~~^^^^^^^^^^^^^^^^^^^^^^^^^^^^^^^^^
  File "/opt/hostedtoolcache/Python/3.13.14/x64/lib/python3.13/pathlib/_abc.py", line 632, in read_text
    with self.open(mode='r', encoding=encoding, errors=errors, newline=newline) as f:
         ~~~~~~~~~^^^^^^^^^^^^^^^^^^^^^^^^^^^^^^^^^^^^^^^^^^^^^^^^^^^^^^^^^^^^^
  File "/opt/hostedtoolcache/Python/3.13.14/x64/lib/python3.13/pathlib/_local.py", line 537, in open
    return io.open(self, mode, buffering, encoding, errors, newline)
           ~~~~~~~^^^^^^^^^^^^^^^^^^^^^^^^^^^^^^^^^^^^^^^^^^^^^^^^^^
FileNotFoundError: [Errno 2] No such file or directory: '/tmp/tmpgzbbf9xh/docs/CURRENT_IMPLEMENTATION_STATUS.md'

======================================================================
FAIL: test_current_repository_passes (test_project_core_docs.ProjectCoreDocumentationTests.test_current_repository_passes)
----------------------------------------------------------------------
Traceback (most recent call last):
  File "/home/runner/work/omenward/omenward/tests/python/test_project_core_docs.py", line 16, in test_current_repository_passes
    self.assertEqual([], validate(ROOT))
    ~~~~~~~~~~~~~~~~^^^^^^^^^^^^^^^^^^^^
AssertionError: Lists differ: [] != ['README does not expose the partial verti[77 chars]ate']

Second list contains 2 additional elements.
First extra element 0:
'README does not expose the partial vertical-slice boundary'

- []
+ ['README does not expose the partial vertical-slice boundary',
+  'DECISIONS_PENDING does not point to the next decision gate']

----------------------------------------------------------------------
Ran 32 tests in 0.231s

FAILED (failures=1, errors=4)
Traceback (most recent call last):
  File "/home/runner/work/omenward/omenward/tools/_mark_validation_evidence.py", line 387, in <module>
  File "/home/runner/work/omenward/omenward/tools/_mark_validation_evidence.py", line 38, in run
  File "/opt/hostedtoolcache/Python/3.13.14/x64/lib/python3.13/subprocess.py", line 577, in run
    raise CalledProcessError(retcode, process.args,
                             output=stdout, stderr=stderr)
subprocess.CalledProcessError: Command '('python', '-m', 'unittest', 'discover', '-s', 'tests/python', '-v')' returned non-zero exit status 1.
